
> cloudtopia@1.0.0 build
> next build

  ▲ Next.js 14.2.34

   Creating an optimized production build ...
 ✓ Compiled successfully
   Linting and checking validity of types ...
   Collecting page data ...
   Generating static pages (0/10) ...
   Generating static pages (2/10) 
   Generating static pages (4/10) 
   Generating static pages (7/10) 
 ✓ Generating static pages (10/10)
   Finalizing page optimization ...
   Collecting build traces ...

Route (app)                              Size     First Load JS
┌ ○ /                                    229 kB          427 kB
├ ○ /_not-found                          873 B          88.2 kB
├ ƒ /[slug]                              6.26 kB         208 kB
├ ○ /about                               5.62 kB         195 kB
├ ○ /contact                             5.02 kB         186 kB
├ ○ /labs                                10.4 kB         200 kB
├ ○ /privacy                             142 B          87.5 kB
├ ○ /services                            60.3 kB         262 kB
└ ○ /terms                               142 B          87.5 kB
+ First Load JS shared by all            87.3 kB
  ├ chunks/117-5c7ad534ecde2402.js       31.7 kB
  ├ chunks/fd9d1056-07005af0086e2321.js  53.6 kB
  └ other shared chunks (total)          1.98 kB


ƒ Middleware                             26.7 kB

○  (Static)   prerendered as static content
ƒ  (Dynamic)  server-rendered on demand

