components/theme-provider.tsx(4,41): error TS2307: Cannot find module 'next-themes/dist/types' or its corresponding type declarations.
components/ui/dotted-surface.tsx(211,4): error TS2454: Variable 'animationId' is used before being assigned.
